{
  "Proto": "https",
  "Timestamp": "2018-07-02T22:23:00.186641Z",
  "ELB": "app/my-loadbalancer/50dc6c495c0c9188",
  "ClientIP": "192.168.131.39",
  "ClientPort": "2817",
  "TargetIP": "10.0.0.1",
  "TargetPort": "80",
  "RequestProcessingTime": "0.086",
  "TargetProcessingTime": "0.048",
  "ResponseProcessingTime": "0.037",
  "ELBStatusCode": "200",
  "TargetStatusCode": "200",
  "ReceivedBytes": "0",
  "SentBytes": "57",
  "RequestVerb": "GET",
  "RequestURL": "https://www.example.com:443/",
  "RequestProto": "HTTP/1.1",
  "UserAgent": "curl/7.46.0",
  "SSLCipher": "ECDHE-RSA-AES128-GCM-SHA256",
  "SSLProtocol": "TLSv1.2",
  "TargetGroupARN": "arn:aws:elasticloadbalancing:us-east-2:123456789012:targetgroup/my-targets/73e2d6bc24d8a067",
  "TraceID": "Root=1-58337281-1d84f3d73c47ec4e58577259",
  "DomainName": "www.example.com",
  "ChosenCertARN": "arn:aws:acm:us-east-2:123456789012:certificate/12345678-1234-1234-1234-123456789012",
  "MatchedRulePriority": "1",
  "RequestCreationTime": "2018-07-02T22:22:48.364000Z",
  "ActionsExecuted": "authenticate,forward",
  "RedirectURL": "-",
  "LambdaErrorReason": "-",
  "TargetPortList": "",
  "TargetStatusCodeList": "",
  "Extra": ""
}