{
  "actions_executed": "forward",
  "chosen_cert_arn": "-",
  "client_device_family": "Other",
  "client_ip": "192.168.131.39",
  "client_os_family": "Other",
  "client_os_major": "",
  "client_os_minor": "",
  "client_os_patch": "",
  "client_port": "2817",
  "client_ua_family": "curl",
  "client_ua_major": "7",
  "client_ua_minor": "46",
  "client_ua_patch": "0",
  "domain_name": "-",
  "error_reason": "-",
  "lb": "app/my-loadbalancer/50dc6c495c0c9188",
  "lb_status_code": "200",
  "matched_rule_priority": "0",
  "received_bytes": "34",
  "redirect_url": "-",
  "request_creation_time": "2018-11-30T22:22:48.364000Z",
  "request_processing_time": "0.009",
  "request_proto": "HTTP/1.1",
  "request_url": "http://www.example.com:80/",
  "request_verb": "GET",
  "response_processing_time": "0.007",
  "sent_bytes": "366",
  "target_group_arn": "arn:aws:elasticloadbalancing:us-east-2:123456789012:targetgroup/my-targets/73e2d6bc24d8a067",
  "target_ip": "",
  "target_list": "",
  "target_port": "",
  "target_processing_time": "0.008",
  "target_status_code": "200",
  "target_status_code_list": "",
  "timestamp": "2018-11-30T22:23:00.186641Z",
  "tls_cipher": "-",
  "tls_protocol": "-",
  "trace_id": "Root=1-58337364-23a8c76965a2ef7629b185e3",
  "type": "http",
  "user_agent": "curl/7.46.0"
}
